../../../Drivers/STM32F4xx_HAL_Driver/Inc/stm32f4xx_ll_bus.h:409:22:LL_AHB1_GRP1_EnableClock	8	static
../../../Drivers/STM32F4xx_HAL_Driver/Inc/stm32f4xx_ll_gpio.h:273:22:LL_GPIO_SetPinMode	12	static,ignoring_inline_asm
../../../Drivers/STM32F4xx_HAL_Driver/Inc/stm32f4xx_ll_gpio.h:484:22:LL_GPIO_SetPinPull	12	static,ignoring_inline_asm
C:/Users/josep/STM32CubeIDE/workspace_1.9.0/I2C_TwoBoards_MasterRx_SlaveTx_IT/Src/main.c:131:6:Configure_I2C_Master	48	static,ignoring_inline_asm
C:/Users/josep/STM32CubeIDE/workspace_1.9.0/I2C_TwoBoards_MasterRx_SlaveTx_IT/Src/main.c:224:6:Activate_I2C_Master	0	static
C:/Users/josep/STM32CubeIDE/workspace_1.9.0/I2C_TwoBoards_MasterRx_SlaveTx_IT/Src/main.c:243:6:LED_Init	8	static
C:/Users/josep/STM32CubeIDE/workspace_1.9.0/I2C_TwoBoards_MasterRx_SlaveTx_IT/Src/main.c:263:6:LED_On	0	static
C:/Users/josep/STM32CubeIDE/workspace_1.9.0/I2C_TwoBoards_MasterRx_SlaveTx_IT/Src/main.c:274:6:LED_Off	0	static
C:/Users/josep/STM32CubeIDE/workspace_1.9.0/I2C_TwoBoards_MasterRx_SlaveTx_IT/Src/main.c:289:6:LED_Blinking	8	static
C:/Users/josep/STM32CubeIDE/workspace_1.9.0/I2C_TwoBoards_MasterRx_SlaveTx_IT/Src/main.c:307:6:UserButton_Init	16	static,ignoring_inline_asm
C:/Users/josep/STM32CubeIDE/workspace_1.9.0/I2C_TwoBoards_MasterRx_SlaveTx_IT/Src/main.c:347:6:SystemClock_Config	0	static
C:/Users/josep/STM32CubeIDE/workspace_1.9.0/I2C_TwoBoards_MasterRx_SlaveTx_IT/Src/main.c:392:6:WaitForUserButtonPress	16	static
C:/Users/josep/STM32CubeIDE/workspace_1.9.0/I2C_TwoBoards_MasterRx_SlaveTx_IT/Src/main.c:408:6:UserButton_Callback	0	static
C:/Users/josep/STM32CubeIDE/workspace_1.9.0/I2C_TwoBoards_MasterRx_SlaveTx_IT/Src/main.c:423:6:Handle_I2C_Master	0	static
C:/Users/josep/STM32CubeIDE/workspace_1.9.0/I2C_TwoBoards_MasterRx_SlaveTx_IT/Src/main.c:83:5:main	8	static
C:/Users/josep/STM32CubeIDE/workspace_1.9.0/I2C_TwoBoards_MasterRx_SlaveTx_IT/Src/main.c:558:6:Error_Callback	8	static,ignoring_inline_asm
C:/Users/josep/STM32CubeIDE/workspace_1.9.0/I2C_TwoBoards_MasterRx_SlaveTx_IT/Src/main.c:483:6:Master_Complete_Callback	8	static
C:/Users/josep/STM32CubeIDE/workspace_1.9.0/I2C_TwoBoards_MasterRx_SlaveTx_IT/Src/main.c:440:6:Master_Reception_Callback	4	static
