C:/Users/josep/STM32CubeIDE/workspace_1.9.0/I2C_TwoBoards_MasterRx_SlaveTx_IT/Src/stm32f4xx_it.c:51:6:NMI_Handler	0	static
C:/Users/josep/STM32CubeIDE/workspace_1.9.0/I2C_TwoBoards_MasterRx_SlaveTx_IT/Src/stm32f4xx_it.c:60:6:HardFault_Handler	0	static
C:/Users/josep/STM32CubeIDE/workspace_1.9.0/I2C_TwoBoards_MasterRx_SlaveTx_IT/Src/stm32f4xx_it.c:73:6:MemManage_Handler	0	static
C:/Users/josep/STM32CubeIDE/workspace_1.9.0/I2C_TwoBoards_MasterRx_SlaveTx_IT/Src/stm32f4xx_it.c:86:6:BusFault_Handler	0	static
C:/Users/josep/STM32CubeIDE/workspace_1.9.0/I2C_TwoBoards_MasterRx_SlaveTx_IT/Src/stm32f4xx_it.c:99:6:UsageFault_Handler	0	static
C:/Users/josep/STM32CubeIDE/workspace_1.9.0/I2C_TwoBoards_MasterRx_SlaveTx_IT/Src/stm32f4xx_it.c:112:6:SVC_Handler	0	static
C:/Users/josep/STM32CubeIDE/workspace_1.9.0/I2C_TwoBoards_MasterRx_SlaveTx_IT/Src/stm32f4xx_it.c:121:6:DebugMon_Handler	0	static
C:/Users/josep/STM32CubeIDE/workspace_1.9.0/I2C_TwoBoards_MasterRx_SlaveTx_IT/Src/stm32f4xx_it.c:130:6:PendSV_Handler	0	static
C:/Users/josep/STM32CubeIDE/workspace_1.9.0/I2C_TwoBoards_MasterRx_SlaveTx_IT/Src/stm32f4xx_it.c:139:6:SysTick_Handler	0	static
C:/Users/josep/STM32CubeIDE/workspace_1.9.0/I2C_TwoBoards_MasterRx_SlaveTx_IT/Src/stm32f4xx_it.c:155:6:EXTI15_10_IRQHandler	0	static
C:/Users/josep/STM32CubeIDE/workspace_1.9.0/I2C_TwoBoards_MasterRx_SlaveTx_IT/Src/stm32f4xx_it.c:242:6:I2C1_EV_IRQHandler	8	static
C:/Users/josep/STM32CubeIDE/workspace_1.9.0/I2C_TwoBoards_MasterRx_SlaveTx_IT/Src/stm32f4xx_it.c:297:6:I2C1_ER_IRQHandler	0	static
