Archive member included to satisfy reference by file (symbol)

c:/st/stm32cubeide_1.9.0/stm32cubeide/plugins/com.st.stm32cube.ide.mcu.externaltools.gnu-tools-for-stm32.10.3-2021.10.win32_1.0.0.202111181127/tools/bin/../lib/gcc/arm-none-eabi/10.3.1/../../../../arm-none-eabi/lib/thumb/v7e-m+fp/hard\libc_nano.a(lib_a-exit.o)
                              c:/st/stm32cubeide_1.9.0/stm32cubeide/plugins/com.st.stm32cube.ide.mcu.externaltools.gnu-tools-for-stm32.10.3-2021.10.win32_1.0.0.202111181127/tools/bin/../lib/gcc/arm-none-eabi/10.3.1/../../../../arm-none-eabi/lib/thumb/v7e-m+fp/hard/crt0.o (exit)
c:/st/stm32cubeide_1.9.0/stm32cubeide/plugins/com.st.stm32cube.ide.mcu.externaltools.gnu-tools-for-stm32.10.3-2021.10.win32_1.0.0.202111181127/tools/bin/../lib/gcc/arm-none-eabi/10.3.1/../../../../arm-none-eabi/lib/thumb/v7e-m+fp/hard\libc_nano.a(lib_a-impure.o)
                              c:/st/stm32cubeide_1.9.0/stm32cubeide/plugins/com.st.stm32cube.ide.mcu.externaltools.gnu-tools-for-stm32.10.3-2021.10.win32_1.0.0.202111181127/tools/bin/../lib/gcc/arm-none-eabi/10.3.1/../../../../arm-none-eabi/lib/thumb/v7e-m+fp/hard\libc_nano.a(lib_a-exit.o) (_global_impure_ptr)
c:/st/stm32cubeide_1.9.0/stm32cubeide/plugins/com.st.stm32cube.ide.mcu.externaltools.gnu-tools-for-stm32.10.3-2021.10.win32_1.0.0.202111181127/tools/bin/../lib/gcc/arm-none-eabi/10.3.1/../../../../arm-none-eabi/lib/thumb/v7e-m+fp/hard\libc_nano.a(lib_a-init.o)
                              c:/st/stm32cubeide_1.9.0/stm32cubeide/plugins/com.st.stm32cube.ide.mcu.externaltools.gnu-tools-for-stm32.10.3-2021.10.win32_1.0.0.202111181127/tools/bin/../lib/gcc/arm-none-eabi/10.3.1/../../../../arm-none-eabi/lib/thumb/v7e-m+fp/hard/crt0.o (__libc_init_array)
c:/st/stm32cubeide_1.9.0/stm32cubeide/plugins/com.st.stm32cube.ide.mcu.externaltools.gnu-tools-for-stm32.10.3-2021.10.win32_1.0.0.202111181127/tools/bin/../lib/gcc/arm-none-eabi/10.3.1/../../../../arm-none-eabi/lib/thumb/v7e-m+fp/hard\libc_nano.a(lib_a-memset.o)
                              c:/st/stm32cubeide_1.9.0/stm32cubeide/plugins/com.st.stm32cube.ide.mcu.externaltools.gnu-tools-for-stm32.10.3-2021.10.win32_1.0.0.202111181127/tools/bin/../lib/gcc/arm-none-eabi/10.3.1/../../../../arm-none-eabi/lib/thumb/v7e-m+fp/hard/crt0.o (memset)
c:/st/stm32cubeide_1.9.0/stm32cubeide/plugins/com.st.stm32cube.ide.mcu.externaltools.gnu-tools-for-stm32.10.3-2021.10.win32_1.0.0.202111181127/tools/bin/../lib/gcc/arm-none-eabi/10.3.1/../../../../arm-none-eabi/lib/thumb/v7e-m+fp/hard\libnosys.a(_exit.o)
                              c:/st/stm32cubeide_1.9.0/stm32cubeide/plugins/com.st.stm32cube.ide.mcu.externaltools.gnu-tools-for-stm32.10.3-2021.10.win32_1.0.0.202111181127/tools/bin/../lib/gcc/arm-none-eabi/10.3.1/../../../../arm-none-eabi/lib/thumb/v7e-m+fp/hard\libc_nano.a(lib_a-exit.o) (_exit)

Discarded input sections

 .text          0x0000000000000000        0x0 c:/st/stm32cubeide_1.9.0/stm32cubeide/plugins/com.st.stm32cube.ide.mcu.externaltools.gnu-tools-for-stm32.10.3-2021.10.win32_1.0.0.202111181127/tools/bin/../lib/gcc/arm-none-eabi/10.3.1/thumb/v7e-m+fp/hard/crti.o
 .data          0x0000000000000000        0x0 c:/st/stm32cubeide_1.9.0/stm32cubeide/plugins/com.st.stm32cube.ide.mcu.externaltools.gnu-tools-for-stm32.10.3-2021.10.win32_1.0.0.202111181127/tools/bin/../lib/gcc/arm-none-eabi/10.3.1/thumb/v7e-m+fp/hard/crti.o
 .bss           0x0000000000000000        0x0 c:/st/stm32cubeide_1.9.0/stm32cubeide/plugins/com.st.stm32cube.ide.mcu.externaltools.gnu-tools-for-stm32.10.3-2021.10.win32_1.0.0.202111181127/tools/bin/../lib/gcc/arm-none-eabi/10.3.1/thumb/v7e-m+fp/hard/crti.o
 .data          0x0000000000000000        0x4 c:/st/stm32cubeide_1.9.0/stm32cubeide/plugins/com.st.stm32cube.ide.mcu.externaltools.gnu-tools-for-stm32.10.3-2021.10.win32_1.0.0.202111181127/tools/bin/../lib/gcc/arm-none-eabi/10.3.1/thumb/v7e-m+fp/hard/crtbegin.o
 .rodata        0x0000000000000000       0x24 c:/st/stm32cubeide_1.9.0/stm32cubeide/plugins/com.st.stm32cube.ide.mcu.externaltools.gnu-tools-for-stm32.10.3-2021.10.win32_1.0.0.202111181127/tools/bin/../lib/gcc/arm-none-eabi/10.3.1/thumb/v7e-m+fp/hard/crtbegin.o
 .text          0x0000000000000000       0x7c c:/st/stm32cubeide_1.9.0/stm32cubeide/plugins/com.st.stm32cube.ide.mcu.externaltools.gnu-tools-for-stm32.10.3-2021.10.win32_1.0.0.202111181127/tools/bin/../lib/gcc/arm-none-eabi/10.3.1/../../../../arm-none-eabi/lib/thumb/v7e-m+fp/hard/crt0.o
 .data          0x0000000000000000        0x0 c:/st/stm32cubeide_1.9.0/stm32cubeide/plugins/com.st.stm32cube.ide.mcu.externaltools.gnu-tools-for-stm32.10.3-2021.10.win32_1.0.0.202111181127/tools/bin/../lib/gcc/arm-none-eabi/10.3.1/../../../../arm-none-eabi/lib/thumb/v7e-m+fp/hard/crt0.o
 .bss           0x0000000000000000        0x0 c:/st/stm32cubeide_1.9.0/stm32cubeide/plugins/com.st.stm32cube.ide.mcu.externaltools.gnu-tools-for-stm32.10.3-2021.10.win32_1.0.0.202111181127/tools/bin/../lib/gcc/arm-none-eabi/10.3.1/../../../../arm-none-eabi/lib/thumb/v7e-m+fp/hard/crt0.o
 .ARM.extab     0x0000000000000000        0x0 c:/st/stm32cubeide_1.9.0/stm32cubeide/plugins/com.st.stm32cube.ide.mcu.externaltools.gnu-tools-for-stm32.10.3-2021.10.win32_1.0.0.202111181127/tools/bin/../lib/gcc/arm-none-eabi/10.3.1/../../../../arm-none-eabi/lib/thumb/v7e-m+fp/hard/crt0.o
 .ARM.exidx     0x0000000000000000       0x10 c:/st/stm32cubeide_1.9.0/stm32cubeide/plugins/com.st.stm32cube.ide.mcu.externaltools.gnu-tools-for-stm32.10.3-2021.10.win32_1.0.0.202111181127/tools/bin/../lib/gcc/arm-none-eabi/10.3.1/../../../../arm-none-eabi/lib/thumb/v7e-m+fp/hard/crt0.o
 .ARM.attributes
                0x0000000000000000       0x1c c:/st/stm32cubeide_1.9.0/stm32cubeide/plugins/com.st.stm32cube.ide.mcu.externaltools.gnu-tools-for-stm32.10.3-2021.10.win32_1.0.0.202111181127/tools/bin/../lib/gcc/arm-none-eabi/10.3.1/../../../../arm-none-eabi/lib/thumb/v7e-m+fp/hard/crt0.o
 .group         0x0000000000000000        0xc ./Drivers/CMSIS/system_stm32f4xx.o
 .group         0x0000000000000000        0xc ./Drivers/CMSIS/system_stm32f4xx.o
 .group         0x0000000000000000        0xc ./Drivers/CMSIS/system_stm32f4xx.o
 .group         0x0000000000000000        0xc ./Drivers/CMSIS/system_stm32f4xx.o
 .group         0x0000000000000000        0xc ./Drivers/CMSIS/system_stm32f4xx.o
 .group         0x0000000000000000        0xc ./Drivers/CMSIS/system_stm32f4xx.o
 .group         0x0000000000000000        0xc ./Drivers/CMSIS/system_stm32f4xx.o
 .group         0x0000000000000000        0xc ./Drivers/CMSIS/system_stm32f4xx.o
 .group         0x0000000000000000        0xc ./Drivers/CMSIS/system_stm32f4xx.o
 .group         0x0000000000000000        0xc ./Drivers/CMSIS/system_stm32f4xx.o
 .group         0x0000000000000000        0xc ./Drivers/CMSIS/system_stm32f4xx.o
 .group         0x0000000000000000        0xc ./Drivers/CMSIS/system_stm32f4xx.o
 .group         0x0000000000000000        0xc ./Drivers/CMSIS/system_stm32f4xx.o
 .group         0x0000000000000000        0xc ./Drivers/CMSIS/system_stm32f4xx.o
 .group         0x0000000000000000        0xc ./Drivers/CMSIS/system_stm32f4xx.o
 .group         0x0000000000000000        0xc ./Drivers/CMSIS/system_stm32f4xx.o
 .text          0x0000000000000000        0x0 ./Drivers/CMSIS/system_stm32f4xx.o
 .bss           0x0000000000000000        0x0 ./Drivers/CMSIS/system_stm32f4xx.o
 .text.SystemCoreClockUpdate
                0x0000000000000000       0x74 ./Drivers/CMSIS/system_stm32f4xx.o
 .group         0x0000000000000000        0xc ./Drivers/STM32F4xx_LL_Driver/stm32f4xx_ll_rcc.o
 .group         0x0000000000000000        0xc ./Drivers/STM32F4xx_LL_Driver/stm32f4xx_ll_rcc.o
 .group         0x0000000000000000        0xc ./Drivers/STM32F4xx_LL_Driver/stm32f4xx_ll_rcc.o
 .group         0x0000000000000000        0xc ./Drivers/STM32F4xx_LL_Driver/stm32f4xx_ll_rcc.o
 .group         0x0000000000000000        0xc ./Drivers/STM32F4xx_LL_Driver/stm32f4xx_ll_rcc.o
 .group         0x0000000000000000        0xc ./Drivers/STM32F4xx_LL_Driver/stm32f4xx_ll_rcc.o
 .group         0x0000000000000000        0xc ./Drivers/STM32F4xx_LL_Driver/stm32f4xx_ll_rcc.o
 .group         0x0000000000000000        0xc ./Drivers/STM32F4xx_LL_Driver/stm32f4xx_ll_rcc.o
 .group         0x0000000000000000        0xc ./Drivers/STM32F4xx_LL_Driver/stm32f4xx_ll_rcc.o
 .group         0x0000000000000000        0xc ./Drivers/STM32F4xx_LL_Driver/stm32f4xx_ll_rcc.o
 .group         0x0000000000000000        0xc ./Drivers/STM32F4xx_LL_Driver/stm32f4xx_ll_rcc.o
 .group         0x0000000000000000        0xc ./Drivers/STM32F4xx_LL_Driver/stm32f4xx_ll_rcc.o
 .group         0x0000000000000000        0xc ./Drivers/STM32F4xx_LL_Driver/stm32f4xx_ll_rcc.o
 .group         0x0000000000000000        0xc ./Drivers/STM32F4xx_LL_Driver/stm32f4xx_ll_rcc.o
 .group         0x0000000000000000        0xc ./Drivers/STM32F4xx_LL_Driver/stm32f4xx_ll_rcc.o
 .group         0x0000000000000000        0xc ./Drivers/STM32F4xx_LL_Driver/stm32f4xx_ll_rcc.o
 .group         0x0000000000000000        0xc ./Drivers/STM32F4xx_LL_Driver/stm32f4xx_ll_rcc.o
 .text          0x0000000000000000        0x0 ./Drivers/STM32F4xx_LL_Driver/stm32f4xx_ll_rcc.o
 .data          0x0000000000000000        0x0 ./Drivers/STM32F4xx_LL_Driver/stm32f4xx_ll_rcc.o
 .bss           0x0000000000000000        0x0 ./Drivers/STM32F4xx_LL_Driver/stm32f4xx_ll_rcc.o
 .text.LL_RCC_DeInit
                0x0000000000000000       0x90 ./Drivers/STM32F4xx_LL_Driver/stm32f4xx_ll_rcc.o
 .text.RCC_PLL_GetFreqDomain_48M
                0x0000000000000000       0x3c ./Drivers/STM32F4xx_LL_Driver/stm32f4xx_ll_rcc.o
 .text.LL_RCC_GetSDIOClockFreq
                0x0000000000000000       0x1c ./Drivers/STM32F4xx_LL_Driver/stm32f4xx_ll_rcc.o
 .text.LL_RCC_GetUSBClockFreq
                0x0000000000000000       0x14 ./Drivers/STM32F4xx_LL_Driver/stm32f4xx_ll_rcc.o
 .text.RCC_PLLI2S_GetFreqDomain_I2S
                0x0000000000000000       0x44 ./Drivers/STM32F4xx_LL_Driver/stm32f4xx_ll_rcc.o
 .text.LL_RCC_GetI2SClockFreq
                0x0000000000000000       0x2c ./Drivers/STM32F4xx_LL_Driver/stm32f4xx_ll_rcc.o
 .debug_macro   0x0000000000000000      0xa7e ./Drivers/STM32F4xx_LL_Driver/stm32f4xx_ll_rcc.o
 .debug_macro   0x0000000000000000       0x2e ./Drivers/STM32F4xx_LL_Driver/stm32f4xx_ll_rcc.o
 .debug_macro   0x0000000000000000       0x28 ./Drivers/STM32F4xx_LL_Driver/stm32f4xx_ll_rcc.o
 .debug_macro   0x0000000000000000       0x22 ./Drivers/STM32F4xx_LL_Driver/stm32f4xx_ll_rcc.o
 .debug_macro   0x0000000000000000       0x8e ./Drivers/STM32F4xx_LL_Driver/stm32f4xx_ll_rcc.o
 .debug_macro   0x0000000000000000       0x51 ./Drivers/STM32F4xx_LL_Driver/stm32f4xx_ll_rcc.o
 .debug_macro   0x0000000000000000      0x103 ./Drivers/STM32F4xx_LL_Driver/stm32f4xx_ll_rcc.o
 .debug_macro   0x0000000000000000       0x6a ./Drivers/STM32F4xx_LL_Driver/stm32f4xx_ll_rcc.o
 .debug_macro   0x0000000000000000      0x1df ./Drivers/STM32F4xx_LL_Driver/stm32f4xx_ll_rcc.o
 .debug_macro   0x0000000000000000       0x1c ./Drivers/STM32F4xx_LL_Driver/stm32f4xx_ll_rcc.o
 .debug_macro   0x0000000000000000       0x22 ./Drivers/STM32F4xx_LL_Driver/stm32f4xx_ll_rcc.o
 .debug_macro   0x0000000000000000       0xd9 ./Drivers/STM32F4xx_LL_Driver/stm32f4xx_ll_rcc.o
 .debug_macro   0x0000000000000000     0x102d ./Drivers/STM32F4xx_LL_Driver/stm32f4xx_ll_rcc.o
 .debug_macro   0x0000000000000000      0x11f ./Drivers/STM32F4xx_LL_Driver/stm32f4xx_ll_rcc.o
 .debug_macro   0x0000000000000000     0xb953 ./Drivers/STM32F4xx_LL_Driver/stm32f4xx_ll_rcc.o
 .debug_macro   0x0000000000000000       0x6d ./Drivers/STM32F4xx_LL_Driver/stm32f4xx_ll_rcc.o
 .group         0x0000000000000000        0xc ./Drivers/STM32F4xx_LL_Driver/stm32f4xx_ll_utils.o
 .group         0x0000000000000000        0xc ./Drivers/STM32F4xx_LL_Driver/stm32f4xx_ll_utils.o
 .group         0x0000000000000000        0xc ./Drivers/STM32F4xx_LL_Driver/stm32f4xx_ll_utils.o
 .group         0x0000000000000000        0xc ./Drivers/STM32F4xx_LL_Driver/stm32f4xx_ll_utils.o
 .group         0x0000000000000000        0xc ./Drivers/STM32F4xx_LL_Driver/stm32f4xx_ll_utils.o
 .group         0x0000000000000000        0xc ./Drivers/STM32F4xx_LL_Driver/stm32f4xx_ll_utils.o
 .group         0x0000000000000000        0xc ./Drivers/STM32F4xx_LL_Driver/stm32f4xx_ll_utils.o
 .group         0x0000000000000000        0xc ./Drivers/STM32F4xx_LL_Driver/stm32f4xx_ll_utils.o
 .group         0x0000000000000000        0xc ./Drivers/STM32F4xx_LL_Driver/stm32f4xx_ll_utils.o
 .group         0x0000000000000000        0xc ./Drivers/STM32F4xx_LL_Driver/stm32f4xx_ll_utils.o
 .group         0x0000000000000000        0xc ./Drivers/STM32F4xx_LL_Driver/stm32f4xx_ll_utils.o
 .group         0x0000000000000000        0xc ./Drivers/STM32F4xx_LL_Driver/stm32f4xx_ll_utils.o
 .group         0x0000000000000000        0xc ./Drivers/STM32F4xx_LL_Driver/stm32f4xx_ll_utils.o
 .group         0x0000000000000000        0xc ./Drivers/STM32F4xx_LL_Driver/stm32f4xx_ll_utils.o
 .group         0x0000000000000000        0xc ./Drivers/STM32F4xx_LL_Driver/stm32f4xx_ll_utils.o
 .group         0x0000000000000000        0xc ./Drivers/STM32F4xx_LL_Driver/stm32f4xx_ll_utils.o
 .group         0x0000000000000000        0xc ./Drivers/STM32F4xx_LL_Driver/stm32f4xx_ll_utils.o
 .group         0x0000000000000000        0xc ./Drivers/STM32F4xx_LL_Driver/stm32f4xx_ll_utils.o
 .group         0x0000000000000000        0xc ./Drivers/STM32F4xx_LL_Driver/stm32f4xx_ll_utils.o
 .group         0x0000000000000000        0xc ./Drivers/STM32F4xx_LL_Driver/stm32f4xx_ll_utils.o
 .text          0x0000000000000000        0x0 ./Drivers/STM32F4xx_LL_Driver/stm32f4xx_ll_utils.o
 .data          0x0000000000000000        0x0 ./Drivers/STM32F4xx_LL_Driver/stm32f4xx_ll_utils.o
 .bss           0x0000000000000000        0x0 ./Drivers/STM32F4xx_LL_Driver/stm32f4xx_ll_utils.o
 .text.UTILS_PLL_IsBusy
                0x0000000000000000       0x1c ./Drivers/STM32F4xx_LL_Driver/stm32f4xx_ll_utils.o
 .text.LL_Init1msTick
                0x0000000000000000       0x1a ./Drivers/STM32F4xx_LL_Driver/stm32f4xx_ll_utils.o
 .text.LL_SetSystemCoreClock
                0x0000000000000000        0xc ./Drivers/STM32F4xx_LL_Driver/stm32f4xx_ll_utils.o
 .text.LL_SetFlashLatency
                0x0000000000000000       0xc4 ./Drivers/STM32F4xx_LL_Driver/stm32f4xx_ll_utils.o
 .text.UTILS_EnablePLLAndSwitchSystem
                0x0000000000000000       0x94 ./Drivers/STM32F4xx_LL_Driver/stm32f4xx_ll_utils.o
 .text.LL_PLL_ConfigSystemClock_HSI
                0x0000000000000000       0x74 ./Drivers/STM32F4xx_LL_Driver/stm32f4xx_ll_utils.o
 .text.LL_PLL_ConfigSystemClock_HSE
                0x0000000000000000       0x8c ./Drivers/STM32F4xx_LL_Driver/stm32f4xx_ll_utils.o
 .debug_macro   0x0000000000000000      0xa7e ./Drivers/STM32F4xx_LL_Driver/stm32f4xx_ll_utils.o
 .debug_macro   0x0000000000000000       0x2e ./Drivers/STM32F4xx_LL_Driver/stm32f4xx_ll_utils.o
 .debug_macro   0x0000000000000000       0x28 ./Drivers/STM32F4xx_LL_Driver/stm32f4xx_ll_utils.o
 .debug_macro   0x0000000000000000       0x22 ./Drivers/STM32F4xx_LL_Driver/stm32f4xx_ll_utils.o
 .debug_macro   0x0000000000000000       0x8e ./Drivers/STM32F4xx_LL_Driver/stm32f4xx_ll_utils.o
 .debug_macro   0x0000000000000000       0x51 ./Drivers/STM32F4xx_LL_Driver/stm32f4xx_ll_utils.o
 .debug_macro   0x0000000000000000      0x103 ./Drivers/STM32F4xx_LL_Driver/stm32f4xx_ll_utils.o
 .debug_macro   0x0000000000000000       0x6a ./Drivers/STM32F4xx_LL_Driver/stm32f4xx_ll_utils.o
 .debug_macro   0x0000000000000000      0x1df ./Drivers/STM32F4xx_LL_Driver/stm32f4xx_ll_utils.o
 .debug_macro   0x0000000000000000       0x1c ./Drivers/STM32F4xx_LL_Driver/stm32f4xx_ll_utils.o
 .debug_macro   0x0000000000000000       0x22 ./Drivers/STM32F4xx_LL_Driver/stm32f4xx_ll_utils.o
 .debug_macro   0x0000000000000000       0xd9 ./Drivers/STM32F4xx_LL_Driver/stm32f4xx_ll_utils.o
 .debug_macro   0x0000000000000000     0x102d ./Drivers/STM32F4xx_LL_Driver/stm32f4xx_ll_utils.o
 .debug_macro   0x0000000000000000      0x11f ./Drivers/STM32F4xx_LL_Driver/stm32f4xx_ll_utils.o
 .debug_macro   0x0000000000000000     0xb953 ./Drivers/STM32F4xx_LL_Driver/stm32f4xx_ll_utils.o
 .debug_macro   0x0000000000000000       0x6d ./Drivers/STM32F4xx_LL_Driver/stm32f4xx_ll_utils.o
 .text          0x0000000000000000       0x14 ./Example/SW4STM32/startup_stm32f411xe.o
 .data          0x0000000000000000        0x0 ./Example/SW4STM32/startup_stm32f411xe.o
 .bss           0x0000000000000000        0x0 ./Example/SW4STM32/startup_stm32f411xe.o
 .group         0x0000000000000000        0xc ./Example/User/main.o
 .group         0x0000000000000000        0xc ./Example/User/main.o
 .group         0x0000000000000000        0xc ./Example/User/main.o
 .group         0x0000000000000000        0xc ./Example/User/main.o
 .group         0x0000000000000000        0xc ./Example/User/main.o
 .group         0x0000000000000000        0xc ./Example/User/main.o
 .group         0x0000000000000000        0xc ./Example/User/main.o
 .group         0x0000000000000000        0xc ./Example/User/main.o
 .group         0x0000000000000000        0xc ./Example/User/main.o
 .group         0x0000000000000000        0xc ./Example/User/main.o
 .group         0x0000000000000000        0xc ./Example/User/main.o
 .group         0x0000000000000000        0xc ./Example/User/main.o
 .group         0x0000000000000000        0xc ./Example/User/main.o
 .group         0x0000000000000000        0xc ./Example/User/main.o
 .group         0x0000000000000000        0xc ./Example/User/main.o
 .group         0x0000000000000000        0xc ./Example/User/main.o
 .group         0x0000000000000000        0xc ./Example/User/main.o
 .group         0x0000000000000000        0xc ./Example/User/main.o
 .group         0x0000000000000000        0xc ./Example/User/main.o
 .group         0x0000000000000000        0xc ./Example/User/main.o
 .group         0x0000000000000000        0xc ./Example/User/main.o
 .group         0x0000000000000000        0xc ./Example/User/main.o
 .group         0x0000000000000000        0xc ./Example/User/main.o
 .group         0x0000000000000000        0xc ./Example/User/main.o
 .group         0x0000000000000000        0xc ./Example/User/main.o
 .text          0x0000000000000000        0x0 ./Example/User/main.o
 .text.LED_On   0x0000000000000000        0xc ./Example/User/main.o
 .text.LED_Off  0x0000000000000000       0x10 ./Example/User/main.o
 .debug_macro   0x0000000000000000      0xa7e ./Example/User/main.o
 .debug_macro   0x0000000000000000       0x2e ./Example/User/main.o
 .debug_macro   0x0000000000000000       0x28 ./Example/User/main.o
 .debug_macro   0x0000000000000000       0x22 ./Example/User/main.o
 .debug_macro   0x0000000000000000       0x8e ./Example/User/main.o
 .debug_macro   0x0000000000000000       0x51 ./Example/User/main.o
 .debug_macro   0x0000000000000000      0x103 ./Example/User/main.o
 .debug_macro   0x0000000000000000       0x6a ./Example/User/main.o
 .debug_macro   0x0000000000000000      0x1df ./Example/User/main.o
 .debug_macro   0x0000000000000000       0x1c ./Example/User/main.o
 .debug_macro   0x0000000000000000       0x22 ./Example/User/main.o
 .debug_macro   0x0000000000000000       0xd9 ./Example/User/main.o
 .debug_macro   0x0000000000000000     0x102d ./Example/User/main.o
 .debug_macro   0x0000000000000000      0x11f ./Example/User/main.o
 .debug_macro   0x0000000000000000     0xb953 ./Example/User/main.o
 .debug_macro   0x0000000000000000       0x6d ./Example/User/main.o
 .debug_macro   0x0000000000000000      0x7a0 ./Example/User/main.o
 .debug_macro   0x0000000000000000      0x1ab ./Example/User/main.o
 .debug_macro   0x0000000000000000       0xbc ./Example/User/main.o
 .group         0x0000000000000000        0xc ./Example/User/stm32f4xx_it.o
 .group         0x0000000000000000        0xc ./Example/User/stm32f4xx_it.o
 .group         0x0000000000000000        0xc ./Example/User/stm32f4xx_it.o
 .group         0x0000000000000000        0xc ./Example/User/stm32f4xx_it.o
 .group         0x0000000000000000        0xc ./Example/User/stm32f4xx_it.o
 .group         0x0000000000000000        0xc ./Example/User/stm32f4xx_it.o
 .group         0x0000000000000000        0xc ./Example/User/stm32f4xx_it.o
 .group         0x0000000000000000        0xc ./Example/User/stm32f4xx_it.o
 .group         0x0000000000000000        0xc ./Example/User/stm32f4xx_it.o
 .group         0x0000000000000000        0xc ./Example/User/stm32f4xx_it.o
 .group         0x0000000000000000        0xc ./Example/User/stm32f4xx_it.o
 .group         0x0000000000000000        0xc ./Example/User/stm32f4xx_it.o
 .group         0x0000000000000000        0xc ./Example/User/stm32f4xx_it.o
 .group         0x0000000000000000        0xc ./Example/User/stm32f4xx_it.o
 .group         0x0000000000000000        0xc ./Example/User/stm32f4xx_it.o
 .group         0x0000000000000000        0xc ./Example/User/stm32f4xx_it.o
 .group         0x0000000000000000        0xc ./Example/User/stm32f4xx_it.o
 .group         0x0000000000000000        0xc ./Example/User/stm32f4xx_it.o
 .group         0x0000000000000000        0xc ./Example/User/stm32f4xx_it.o
 .group         0x0000000000000000        0xc ./Example/User/stm32f4xx_it.o
 .group         0x0000000000000000        0xc ./Example/User/stm32f4xx_it.o
 .group         0x0000000000000000        0xc ./Example/User/stm32f4xx_it.o
 .group         0x0000000000000000        0xc ./Example/User/stm32f4xx_it.o
 .group         0x0000000000000000        0xc ./Example/User/stm32f4xx_it.o
 .group         0x0000000000000000        0xc ./Example/User/stm32f4xx_it.o
 .text          0x0000000000000000        0x0 ./Example/User/stm32f4xx_it.o
 .data          0x0000000000000000        0x0 ./Example/User/stm32f4xx_it.o
 .bss           0x0000000000000000        0x0 ./Example/User/stm32f4xx_it.o
 .debug_macro   0x0000000000000000      0xa7e ./Example/User/stm32f4xx_it.o
 .debug_macro   0x0000000000000000       0x2e ./Example/User/stm32f4xx_it.o
 .debug_macro   0x0000000000000000       0x28 ./Example/User/stm32f4xx_it.o
 .debug_macro   0x0000000000000000       0x22 ./Example/User/stm32f4xx_it.o
 .debug_macro   0x0000000000000000       0x8e ./Example/User/stm32f4xx_it.o
 .debug_macro   0x0000000000000000       0x51 ./Example/User/stm32f4xx_it.o
 .debug_macro   0x0000000000000000      0x103 ./Example/User/stm32f4xx_it.o
 .debug_macro   0x0000000000000000       0x6a ./Example/User/stm32f4xx_it.o
 .debug_macro   0x0000000000000000      0x1df ./Example/User/stm32f4xx_it.o
 .debug_macro   0x0000000000000000       0x1c ./Example/User/stm32f4xx_it.o
 .debug_macro   0x0000000000000000       0x22 ./Example/User/stm32f4xx_it.o
 .debug_macro   0x0000000000000000       0xd9 ./Example/User/stm32f4xx_it.o
 .debug_macro   0x0000000000000000     0x102d ./Example/User/stm32f4xx_it.o
 .debug_macro   0x0000000000000000      0x11f ./Example/User/stm32f4xx_it.o
 .debug_macro   0x0000000000000000     0xb953 ./Example/User/stm32f4xx_it.o
 .debug_macro   0x0000000000000000       0x6d ./Example/User/stm32f4xx_it.o
 .debug_macro   0x0000000000000000      0x117 ./Example/User/stm32f4xx_it.o
 .debug_macro   0x0000000000000000      0x7a0 ./Example/User/stm32f4xx_it.o
 .debug_macro   0x0000000000000000      0x1ab ./Example/User/stm32f4xx_it.o
 .debug_macro   0x0000000000000000       0x61 ./Example/User/stm32f4xx_it.o
 .debug_macro   0x0000000000000000      0x149 ./Example/User/stm32f4xx_it.o
 .debug_macro   0x0000000000000000       0xe8 ./Example/User/stm32f4xx_it.o
 .debug_macro   0x0000000000000000      0x17b ./Example/User/stm32f4xx_it.o
 .debug_macro   0x0000000000000000       0xbc ./Example/User/stm32f4xx_it.o
 .debug_macro   0x0000000000000000       0x70 ./Example/User/stm32f4xx_it.o
 .text          0x0000000000000000        0x0 c:/st/stm32cubeide_1.9.0/stm32cubeide/plugins/com.st.stm32cube.ide.mcu.externaltools.gnu-tools-for-stm32.10.3-2021.10.win32_1.0.0.202111181127/tools/bin/../lib/gcc/arm-none-eabi/10.3.1/../../../../arm-none-eabi/lib/thumb/v7e-m+fp/hard\libc_nano.a(lib_a-exit.o)
 .data          0x0000000000000000        0x0 c:/st/stm32cubeide_1.9.0/stm32cubeide/plugins/com.st.stm32cube.ide.mcu.externaltools.gnu-tools-for-stm32.10.3-2021.10.win32_1.0.0.202111181127/tools/bin/../lib/gcc/arm-none-eabi/10.3.1/../../../../arm-none-eabi/lib/thumb/v7e-m+fp/hard\libc_nano.a(lib_a-exit.o)
 .bss           0x0000000000000000        0x0 c:/st/stm32cubeide_1.9.0/stm32cubeide/plugins/com.st.stm32cube.ide.mcu.externaltools.gnu-tools-for-stm32.10.3-2021.10.win32_1.0.0.202111181127/tools/bin/../lib/gcc/arm-none-eabi/10.3.1/../../../../arm-none-eabi/lib/thumb/v7e-m+fp/hard\libc_nano.a(lib_a-exit.o)
 .text.exit     0x0000000000000000       0x28 c:/st/stm32cubeide_1.9.0/stm32cubeide/plugins/com.st.stm32cube.ide.mcu.externaltools.gnu-tools-for-stm32.10.3-2021.10.win32_1.0.0.202111181127/tools/bin/../lib/gcc/arm-none-eabi/10.3.1/../../../../arm-none-eabi/lib/thumb/v7e-m+fp/hard\libc_nano.a(lib_a-exit.o)
 .debug_frame   0x0000000000000000       0x28 c:/st/stm32cubeide_1.9.0/stm32cubeide/plugins/com.st.stm32cube.ide.mcu.externaltools.gnu-tools-for-stm32.10.3-2021.10.win32_1.0.0.202111181127/tools/bin/../lib/gcc/arm-none-eabi/10.3.1/../../../../arm-none-eabi/lib/thumb/v7e-m+fp/hard\libc_nano.a(lib_a-exit.o)
 .ARM.attributes
                0x0000000000000000       0x34 c:/st/stm32cubeide_1.9.0/stm32cubeide/plugins/com.st.stm32cube.ide.mcu.externaltools.gnu-tools-for-stm32.10.3-2021.10.win32_1.0.0.202111181127/tools/bin/../lib/gcc/arm-none-eabi/10.3.1/../../../../arm-none-eabi/lib/thumb/v7e-m+fp/hard\libc_nano.a(lib_a-exit.o)
 .text          0x0000000000000000        0x0 c:/st/stm32cubeide_1.9.0/stm32cubeide/plugins/com.st.stm32cube.ide.mcu.externaltools.gnu-tools-for-stm32.10.3-2021.10.win32_1.0.0.202111181127/tools/bin/../lib/gcc/arm-none-eabi/10.3.1/../../../../arm-none-eabi/lib/thumb/v7e-m+fp/hard\libc_nano.a(lib_a-impure.o)
 .data          0x0000000000000000        0x0 c:/st/stm32cubeide_1.9.0/stm32cubeide/plugins/com.st.stm32cube.ide.mcu.externaltools.gnu-tools-for-stm32.10.3-2021.10.win32_1.0.0.202111181127/tools/bin/../lib/gcc/arm-none-eabi/10.3.1/../../../../arm-none-eabi/lib/thumb/v7e-m+fp/hard\libc_nano.a(lib_a-impure.o)
 .bss           0x0000000000000000        0x0 c:/st/stm32cubeide_1.9.0/stm32cubeide/plugins/com.st.stm32cube.ide.mcu.externaltools.gnu-tools-for-stm32.10.3-2021.10.win32_1.0.0.202111181127/tools/bin/../lib/gcc/arm-none-eabi/10.3.1/../../../../arm-none-eabi/lib/thumb/v7e-m+fp/hard\libc_nano.a(lib_a-impure.o)
 .data._impure_ptr
                0x0000000000000000        0x4 c:/st/stm32cubeide_1.9.0/stm32cubeide/plugins/com.st.stm32cube.ide.mcu.externaltools.gnu-tools-for-stm32.10.3-2021.10.win32_1.0.0.202111181127/tools/bin/../lib/gcc/arm-none-eabi/10.3.1/../../../../arm-none-eabi/lib/thumb/v7e-m+fp/hard\libc_nano.a(lib_a-impure.o)
 .data.impure_data
                0x0000000000000000       0x60 c:/st/stm32cubeide_1.9.0/stm32cubeide/plugins/com.st.stm32cube.ide.mcu.externaltools.gnu-tools-for-stm32.10.3-2021.10.win32_1.0.0.202111181127/tools/bin/../lib/gcc/arm-none-eabi/10.3.1/../../../../arm-none-eabi/lib/thumb/v7e-m+fp/hard\libc_nano.a(lib_a-impure.o)
 .rodata._global_impure_ptr
                0x0000000000000000        0x4 c:/st/stm32cubeide_1.9.0/stm32cubeide/plugins/com.st.stm32cube.ide.mcu.externaltools.gnu-tools-for-stm32.10.3-2021.10.win32_1.0.0.202111181127/tools/bin/../lib/gcc/arm-none-eabi/10.3.1/../../../../arm-none-eabi/lib/thumb/v7e-m+fp/hard\libc_nano.a(lib_a-impure.o)
 .ARM.attributes
                0x0000000000000000       0x34 c:/st/stm32cubeide_1.9.0/stm32cubeide/plugins/com.st.stm32cube.ide.mcu.externaltools.gnu-tools-for-stm32.10.3-2021.10.win32_1.0.0.202111181127/tools/bin/../lib/gcc/arm-none-eabi/10.3.1/../../../../arm-none-eabi/lib/thumb/v7e-m+fp/hard\libc_nano.a(lib_a-impure.o)
 .text          0x0000000000000000        0x0 c:/st/stm32cubeide_1.9.0/stm32cubeide/plugins/com.st.stm32cube.ide.mcu.externaltools.gnu-tools-for-stm32.10.3-2021.10.win32_1.0.0.202111181127/tools/bin/../lib/gcc/arm-none-eabi/10.3.1/../../../../arm-none-eabi/lib/thumb/v7e-m+fp/hard\libc_nano.a(lib_a-init.o)
 .data          0x0000000000000000        0x0 c:/st/stm32cubeide_1.9.0/stm32cubeide/plugins/com.st.stm32cube.ide.mcu.externaltools.gnu-tools-for-stm32.10.3-2021.10.win32_1.0.0.202111181127/tools/bin/../lib/gcc/arm-none-eabi/10.3.1/../../../../arm-none-eabi/lib/thumb/v7e-m+fp/hard\libc_nano.a(lib_a-init.o)
 .bss           0x0000000000000000        0x0 c:/st/stm32cubeide_1.9.0/stm32cubeide/plugins/com.st.stm32cube.ide.mcu.externaltools.gnu-tools-for-stm32.10.3-2021.10.win32_1.0.0.202111181127/tools/bin/../lib/gcc/arm-none-eabi/10.3.1/../../../../arm-none-eabi/lib/thumb/v7e-m+fp/hard\libc_nano.a(lib_a-init.o)
 .text          0x0000000000000000        0x0 c:/st/stm32cubeide_1.9.0/stm32cubeide/plugins/com.st.stm32cube.ide.mcu.externaltools.gnu-tools-for-stm32.10.3-2021.10.win32_1.0.0.202111181127/tools/bin/../lib/gcc/arm-none-eabi/10.3.1/../../../../arm-none-eabi/lib/thumb/v7e-m+fp/hard\libc_nano.a(lib_a-memset.o)
 .data          0x0000000000000000        0x0 c:/st/stm32cubeide_1.9.0/stm32cubeide/plugins/com.st.stm32cube.ide.mcu.externaltools.gnu-tools-for-stm32.10.3-2021.10.win32_1.0.0.202111181127/tools/bin/../lib/gcc/arm-none-eabi/10.3.1/../../../../arm-none-eabi/lib/thumb/v7e-m+fp/hard\libc_nano.a(lib_a-memset.o)
 .bss           0x0000000000000000        0x0 c:/st/stm32cubeide_1.9.0/stm32cubeide/plugins/com.st.stm32cube.ide.mcu.externaltools.gnu-tools-for-stm32.10.3-2021.10.win32_1.0.0.202111181127/tools/bin/../lib/gcc/arm-none-eabi/10.3.1/../../../../arm-none-eabi/lib/thumb/v7e-m+fp/hard\libc_nano.a(lib_a-memset.o)
 .text.memset   0x0000000000000000       0x10 c:/st/stm32cubeide_1.9.0/stm32cubeide/plugins/com.st.stm32cube.ide.mcu.externaltools.gnu-tools-for-stm32.10.3-2021.10.win32_1.0.0.202111181127/tools/bin/../lib/gcc/arm-none-eabi/10.3.1/../../../../arm-none-eabi/lib/thumb/v7e-m+fp/hard\libc_nano.a(lib_a-memset.o)
 .debug_frame   0x0000000000000000       0x20 c:/st/stm32cubeide_1.9.0/stm32cubeide/plugins/com.st.stm32cube.ide.mcu.externaltools.gnu-tools-for-stm32.10.3-2021.10.win32_1.0.0.202111181127/tools/bin/../lib/gcc/arm-none-eabi/10.3.1/../../../../arm-none-eabi/lib/thumb/v7e-m+fp/hard\libc_nano.a(lib_a-memset.o)
 .ARM.attributes
                0x0000000000000000       0x34 c:/st/stm32cubeide_1.9.0/stm32cubeide/plugins/com.st.stm32cube.ide.mcu.externaltools.gnu-tools-for-stm32.10.3-2021.10.win32_1.0.0.202111181127/tools/bin/../lib/gcc/arm-none-eabi/10.3.1/../../../../arm-none-eabi/lib/thumb/v7e-m+fp/hard\libc_nano.a(lib_a-memset.o)
 .text          0x0000000000000000        0x0 c:/st/stm32cubeide_1.9.0/stm32cubeide/plugins/com.st.stm32cube.ide.mcu.externaltools.gnu-tools-for-stm32.10.3-2021.10.win32_1.0.0.202111181127/tools/bin/../lib/gcc/arm-none-eabi/10.3.1/../../../../arm-none-eabi/lib/thumb/v7e-m+fp/hard\libnosys.a(_exit.o)
 .data          0x0000000000000000        0x0 c:/st/stm32cubeide_1.9.0/stm32cubeide/plugins/com.st.stm32cube.ide.mcu.externaltools.gnu-tools-for-stm32.10.3-2021.10.win32_1.0.0.202111181127/tools/bin/../lib/gcc/arm-none-eabi/10.3.1/../../../../arm-none-eabi/lib/thumb/v7e-m+fp/hard\libnosys.a(_exit.o)
 .bss           0x0000000000000000        0x0 c:/st/stm32cubeide_1.9.0/stm32cubeide/plugins/com.st.stm32cube.ide.mcu.externaltools.gnu-tools-for-stm32.10.3-2021.10.win32_1.0.0.202111181127/tools/bin/../lib/gcc/arm-none-eabi/10.3.1/../../../../arm-none-eabi/lib/thumb/v7e-m+fp/hard\libnosys.a(_exit.o)
 .text._exit    0x0000000000000000        0x2 c:/st/stm32cubeide_1.9.0/stm32cubeide/plugins/com.st.stm32cube.ide.mcu.externaltools.gnu-tools-for-stm32.10.3-2021.10.win32_1.0.0.202111181127/tools/bin/../lib/gcc/arm-none-eabi/10.3.1/../../../../arm-none-eabi/lib/thumb/v7e-m+fp/hard\libnosys.a(_exit.o)
 .debug_frame   0x0000000000000000       0x20 c:/st/stm32cubeide_1.9.0/stm32cubeide/plugins/com.st.stm32cube.ide.mcu.externaltools.gnu-tools-for-stm32.10.3-2021.10.win32_1.0.0.202111181127/tools/bin/../lib/gcc/arm-none-eabi/10.3.1/../../../../arm-none-eabi/lib/thumb/v7e-m+fp/hard\libnosys.a(_exit.o)
 .ARM.attributes
                0x0000000000000000       0x34 c:/st/stm32cubeide_1.9.0/stm32cubeide/plugins/com.st.stm32cube.ide.mcu.externaltools.gnu-tools-for-stm32.10.3-2021.10.win32_1.0.0.202111181127/tools/bin/../lib/gcc/arm-none-eabi/10.3.1/../../../../arm-none-eabi/lib/thumb/v7e-m+fp/hard\libnosys.a(_exit.o)
 .text          0x0000000000000000        0x0 c:/st/stm32cubeide_1.9.0/stm32cubeide/plugins/com.st.stm32cube.ide.mcu.externaltools.gnu-tools-for-stm32.10.3-2021.10.win32_1.0.0.202111181127/tools/bin/../lib/gcc/arm-none-eabi/10.3.1/thumb/v7e-m+fp/hard/crtend.o
 .data          0x0000000000000000        0x0 c:/st/stm32cubeide_1.9.0/stm32cubeide/plugins/com.st.stm32cube.ide.mcu.externaltools.gnu-tools-for-stm32.10.3-2021.10.win32_1.0.0.202111181127/tools/bin/../lib/gcc/arm-none-eabi/10.3.1/thumb/v7e-m+fp/hard/crtend.o
 .bss           0x0000000000000000        0x0 c:/st/stm32cubeide_1.9.0/stm32cubeide/plugins/com.st.stm32cube.ide.mcu.externaltools.gnu-tools-for-stm32.10.3-2021.10.win32_1.0.0.202111181127/tools/bin/../lib/gcc/arm-none-eabi/10.3.1/thumb/v7e-m+fp/hard/crtend.o
 .rodata        0x0000000000000000       0x24 c:/st/stm32cubeide_1.9.0/stm32cubeide/plugins/com.st.stm32cube.ide.mcu.externaltools.gnu-tools-for-stm32.10.3-2021.10.win32_1.0.0.202111181127/tools/bin/../lib/gcc/arm-none-eabi/10.3.1/thumb/v7e-m+fp/hard/crtend.o
 .eh_frame      0x0000000000000000        0x4 c:/st/stm32cubeide_1.9.0/stm32cubeide/plugins/com.st.stm32cube.ide.mcu.externaltools.gnu-tools-for-stm32.10.3-2021.10.win32_1.0.0.202111181127/tools/bin/../lib/gcc/arm-none-eabi/10.3.1/thumb/v7e-m+fp/hard/crtend.o
 .ARM.attributes
                0x0000000000000000       0x34 c:/st/stm32cubeide_1.9.0/stm32cubeide/plugins/com.st.stm32cube.ide.mcu.externaltools.gnu-tools-for-stm32.10.3-2021.10.win32_1.0.0.202111181127/tools/bin/../lib/gcc/arm-none-eabi/10.3.1/thumb/v7e-m+fp/hard/crtend.o
 .text          0x0000000000000000        0x0 c:/st/stm32cubeide_1.9.0/stm32cubeide/plugins/com.st.stm32cube.ide.mcu.externaltools.gnu-tools-for-stm32.10.3-2021.10.win32_1.0.0.202111181127/tools/bin/../lib/gcc/arm-none-eabi/10.3.1/thumb/v7e-m+fp/hard/crtn.o
 .data          0x0000000000000000        0x0 c:/st/stm32cubeide_1.9.0/stm32cubeide/plugins/com.st.stm32cube.ide.mcu.externaltools.gnu-tools-for-stm32.10.3-2021.10.win32_1.0.0.202111181127/tools/bin/../lib/gcc/arm-none-eabi/10.3.1/thumb/v7e-m+fp/hard/crtn.o
 .bss           0x0000000000000000        0x0 c:/st/stm32cubeide_1.9.0/stm32cubeide/plugins/com.st.stm32cube.ide.mcu.externaltools.gnu-tools-for-stm32.10.3-2021.10.win32_1.0.0.202111181127/tools/bin/../lib/gcc/arm-none-eabi/10.3.1/thumb/v7e-m+fp/hard/crtn.o

Memory Configuration

Name             Origin             Length             Attributes
RAM              0x0000000020000000 0x0000000000020000 xrw
FLASH            0x0000000008000000 0x0000000000080000 xr
*default*        0x0000000000000000 0xffffffffffffffff

Linker script and memory map

LOAD c:/st/stm32cubeide_1.9.0/stm32cubeide/plugins/com.st.stm32cube.ide.mcu.externaltools.gnu-tools-for-stm32.10.3-2021.10.win32_1.0.0.202111181127/tools/bin/../lib/gcc/arm-none-eabi/10.3.1/thumb/v7e-m+fp/hard/crti.o
LOAD c:/st/stm32cubeide_1.9.0/stm32cubeide/plugins/com.st.stm32cube.ide.mcu.externaltools.gnu-tools-for-stm32.10.3-2021.10.win32_1.0.0.202111181127/tools/bin/../lib/gcc/arm-none-eabi/10.3.1/thumb/v7e-m+fp/hard/crtbegin.o
LOAD c:/st/stm32cubeide_1.9.0/stm32cubeide/plugins/com.st.stm32cube.ide.mcu.externaltools.gnu-tools-for-stm32.10.3-2021.10.win32_1.0.0.202111181127/tools/bin/../lib/gcc/arm-none-eabi/10.3.1/../../../../arm-none-eabi/lib/thumb/v7e-m+fp/hard/crt0.o
LOAD ./Drivers/CMSIS/system_stm32f4xx.o
LOAD ./Drivers/STM32F4xx_LL_Driver/stm32f4xx_ll_rcc.o
LOAD ./Drivers/STM32F4xx_LL_Driver/stm32f4xx_ll_utils.o
LOAD ./Example/SW4STM32/startup_stm32f411xe.o
LOAD ./Example/User/main.o
LOAD ./Example/User/stm32f4xx_it.o
START GROUP
LOAD c:/st/stm32cubeide_1.9.0/stm32cubeide/plugins/com.st.stm32cube.ide.mcu.externaltools.gnu-tools-for-stm32.10.3-2021.10.win32_1.0.0.202111181127/tools/bin/../lib/gcc/arm-none-eabi/10.3.1/../../../../arm-none-eabi/lib/thumb/v7e-m+fp/hard\libc_nano.a
LOAD c:/st/stm32cubeide_1.9.0/stm32cubeide/plugins/com.st.stm32cube.ide.mcu.externaltools.gnu-tools-for-stm32.10.3-2021.10.win32_1.0.0.202111181127/tools/bin/../lib/gcc/arm-none-eabi/10.3.1/../../../../arm-none-eabi/lib/thumb/v7e-m+fp/hard\libm.a
END GROUP
START GROUP
LOAD c:/st/stm32cubeide_1.9.0/stm32cubeide/plugins/com.st.stm32cube.ide.mcu.externaltools.gnu-tools-for-stm32.10.3-2021.10.win32_1.0.0.202111181127/tools/bin/../lib/gcc/arm-none-eabi/10.3.1/thumb/v7e-m+fp/hard\libgcc.a
LOAD c:/st/stm32cubeide_1.9.0/stm32cubeide/plugins/com.st.stm32cube.ide.mcu.externaltools.gnu-tools-for-stm32.10.3-2021.10.win32_1.0.0.202111181127/tools/bin/../lib/gcc/arm-none-eabi/10.3.1/../../../../arm-none-eabi/lib/thumb/v7e-m+fp/hard\libc_nano.a
END GROUP
START GROUP
LOAD c:/st/stm32cubeide_1.9.0/stm32cubeide/plugins/com.st.stm32cube.ide.mcu.externaltools.gnu-tools-for-stm32.10.3-2021.10.win32_1.0.0.202111181127/tools/bin/../lib/gcc/arm-none-eabi/10.3.1/thumb/v7e-m+fp/hard\libgcc.a
LOAD c:/st/stm32cubeide_1.9.0/stm32cubeide/plugins/com.st.stm32cube.ide.mcu.externaltools.gnu-tools-for-stm32.10.3-2021.10.win32_1.0.0.202111181127/tools/bin/../lib/gcc/arm-none-eabi/10.3.1/../../../../arm-none-eabi/lib/thumb/v7e-m+fp/hard\libc_nano.a
LOAD c:/st/stm32cubeide_1.9.0/stm32cubeide/plugins/com.st.stm32cube.ide.mcu.externaltools.gnu-tools-for-stm32.10.3-2021.10.win32_1.0.0.202111181127/tools/bin/../lib/gcc/arm-none-eabi/10.3.1/../../../../arm-none-eabi/lib/thumb/v7e-m+fp/hard\libnosys.a
END GROUP
START GROUP
LOAD c:/st/stm32cubeide_1.9.0/stm32cubeide/plugins/com.st.stm32cube.ide.mcu.externaltools.gnu-tools-for-stm32.10.3-2021.10.win32_1.0.0.202111181127/tools/bin/../lib/gcc/arm-none-eabi/10.3.1/thumb/v7e-m+fp/hard\libgcc.a
LOAD c:/st/stm32cubeide_1.9.0/stm32cubeide/plugins/com.st.stm32cube.ide.mcu.externaltools.gnu-tools-for-stm32.10.3-2021.10.win32_1.0.0.202111181127/tools/bin/../lib/gcc/arm-none-eabi/10.3.1/../../../../arm-none-eabi/lib/thumb/v7e-m+fp/hard\libc_nano.a
LOAD c:/st/stm32cubeide_1.9.0/stm32cubeide/plugins/com.st.stm32cube.ide.mcu.externaltools.gnu-tools-for-stm32.10.3-2021.10.win32_1.0.0.202111181127/tools/bin/../lib/gcc/arm-none-eabi/10.3.1/../../../../arm-none-eabi/lib/thumb/v7e-m+fp/hard\libnosys.a
END GROUP
LOAD c:/st/stm32cubeide_1.9.0/stm32cubeide/plugins/com.st.stm32cube.ide.mcu.externaltools.gnu-tools-for-stm32.10.3-2021.10.win32_1.0.0.202111181127/tools/bin/../lib/gcc/arm-none-eabi/10.3.1/thumb/v7e-m+fp/hard/crtend.o
LOAD c:/st/stm32cubeide_1.9.0/stm32cubeide/plugins/com.st.stm32cube.ide.mcu.externaltools.gnu-tools-for-stm32.10.3-2021.10.win32_1.0.0.202111181127/tools/bin/../lib/gcc/arm-none-eabi/10.3.1/thumb/v7e-m+fp/hard/crtn.o
                0x0000000020020000                _estack = 0x20020000
                0x0000000000000200                _Min_Heap_Size = 0x200
                0x0000000000000400                _Min_Stack_Size = 0x400

.isr_vector     0x0000000008000000      0x198
                0x0000000008000000                . = ALIGN (0x4)
 *(.isr_vector)
 .isr_vector    0x0000000008000000      0x198 ./Example/SW4STM32/startup_stm32f411xe.o
                0x0000000008000000                g_pfnVectors
                0x0000000008000198                . = ALIGN (0x4)

.text           0x0000000008000198      0x8a4
                0x0000000008000198                . = ALIGN (0x4)
 *(.text)
 .text          0x0000000008000198       0x40 c:/st/stm32cubeide_1.9.0/stm32cubeide/plugins/com.st.stm32cube.ide.mcu.externaltools.gnu-tools-for-stm32.10.3-2021.10.win32_1.0.0.202111181127/tools/bin/../lib/gcc/arm-none-eabi/10.3.1/thumb/v7e-m+fp/hard/crtbegin.o
 *(.text*)
 .text.SystemInit
                0x00000000080001d8       0x4c ./Drivers/CMSIS/system_stm32f4xx.o
                0x00000000080001d8                SystemInit
 .text.RCC_GetHCLKClockFreq
                0x0000000008000224       0x18 ./Drivers/STM32F4xx_LL_Driver/stm32f4xx_ll_rcc.o
                0x0000000008000224                RCC_GetHCLKClockFreq
 .text.RCC_GetPCLK1ClockFreq
                0x000000000800023c       0x18 ./Drivers/STM32F4xx_LL_Driver/stm32f4xx_ll_rcc.o
                0x000000000800023c                RCC_GetPCLK1ClockFreq
 .text.RCC_GetPCLK2ClockFreq
                0x0000000008000254       0x18 ./Drivers/STM32F4xx_LL_Driver/stm32f4xx_ll_rcc.o
                0x0000000008000254                RCC_GetPCLK2ClockFreq
 .text.RCC_PLL_GetFreqDomain_SYS
                0x000000000800026c       0x48 ./Drivers/STM32F4xx_LL_Driver/stm32f4xx_ll_rcc.o
                0x000000000800026c                RCC_PLL_GetFreqDomain_SYS
 .text.RCC_GetSystemClockFreq
                0x00000000080002b4       0x28 ./Drivers/STM32F4xx_LL_Driver/stm32f4xx_ll_rcc.o
                0x00000000080002b4                RCC_GetSystemClockFreq
 .text.LL_RCC_GetSystemClocksFreq
                0x00000000080002dc       0x20 ./Drivers/STM32F4xx_LL_Driver/stm32f4xx_ll_rcc.o
                0x00000000080002dc                LL_RCC_GetSystemClocksFreq
 .text.LL_mDelay
                0x00000000080002fc       0x28 ./Drivers/STM32F4xx_LL_Driver/stm32f4xx_ll_utils.o
                0x00000000080002fc                LL_mDelay
 .text.Reset_Handler
                0x0000000008000324       0x50 ./Example/SW4STM32/startup_stm32f411xe.o
                0x0000000008000324                Reset_Handler
 .text.Default_Handler
                0x0000000008000374        0x2 ./Example/SW4STM32/startup_stm32f411xe.o
                0x0000000008000374                RTC_Alarm_IRQHandler
                0x0000000008000374                EXTI2_IRQHandler
                0x0000000008000374                SPI4_IRQHandler
                0x0000000008000374                TIM1_CC_IRQHandler
                0x0000000008000374                DMA2_Stream5_IRQHandler
                0x0000000008000374                DMA1_Stream5_IRQHandler
                0x0000000008000374                PVD_IRQHandler
                0x0000000008000374                SDIO_IRQHandler
                0x0000000008000374                TAMP_STAMP_IRQHandler
                0x0000000008000374                EXTI3_IRQHandler
                0x0000000008000374                TIM1_UP_TIM10_IRQHandler
                0x0000000008000374                I2C3_ER_IRQHandler
                0x0000000008000374                EXTI0_IRQHandler
                0x0000000008000374                I2C2_EV_IRQHandler
                0x0000000008000374                DMA1_Stream2_IRQHandler
                0x0000000008000374                FPU_IRQHandler
                0x0000000008000374                DMA2_Stream2_IRQHandler
                0x0000000008000374                SPI1_IRQHandler
                0x0000000008000374                TIM1_BRK_TIM9_IRQHandler
                0x0000000008000374                DMA2_Stream3_IRQHandler
                0x0000000008000374                USART6_IRQHandler
                0x0000000008000374                DMA2_Stream0_IRQHandler
                0x0000000008000374                TIM4_IRQHandler
                0x0000000008000374                DMA1_Stream6_IRQHandler
                0x0000000008000374                DMA1_Stream1_IRQHandler
                0x0000000008000374                TIM3_IRQHandler
                0x0000000008000374                RCC_IRQHandler
                0x0000000008000374                Default_Handler
                0x0000000008000374                ADC_IRQHandler
                0x0000000008000374                DMA1_Stream7_IRQHandler
                0x0000000008000374                SPI5_IRQHandler
                0x0000000008000374                TIM5_IRQHandler
                0x0000000008000374                DMA2_Stream7_IRQHandler
                0x0000000008000374                I2C3_EV_IRQHandler
                0x0000000008000374                EXTI9_5_IRQHandler
                0x0000000008000374                RTC_WKUP_IRQHandler
                0x0000000008000374                SPI2_IRQHandler
                0x0000000008000374                DMA1_Stream0_IRQHandler
                0x0000000008000374                EXTI4_IRQHandler
                0x0000000008000374                WWDG_IRQHandler
                0x0000000008000374                TIM2_IRQHandler
                0x0000000008000374                OTG_FS_WKUP_IRQHandler
                0x0000000008000374                TIM1_TRG_COM_TIM11_IRQHandler
                0x0000000008000374                EXTI1_IRQHandler
                0x0000000008000374                USART2_IRQHandler
                0x0000000008000374                I2C2_ER_IRQHandler
                0x0000000008000374                DMA2_Stream1_IRQHandler
                0x0000000008000374                FLASH_IRQHandler
                0x0000000008000374                DMA2_Stream4_IRQHandler
                0x0000000008000374                USART1_IRQHandler
                0x0000000008000374                OTG_FS_IRQHandler
                0x0000000008000374                SPI3_IRQHandler
                0x0000000008000374                DMA1_Stream4_IRQHandler
                0x0000000008000374                DMA2_Stream6_IRQHandler
                0x0000000008000374                DMA1_Stream3_IRQHandler
 *fill*         0x0000000008000376        0x2 
 .text.LL_AHB1_GRP1_EnableClock
                0x0000000008000378       0x1c ./Example/User/main.o
 .text.LL_GPIO_SetPinMode
                0x0000000008000394       0x2a ./Example/User/main.o
 .text.LL_GPIO_SetPinPull
                0x00000000080003be       0x2a ./Example/User/main.o
 .text.Configure_I2C_Master
                0x00000000080003e8      0x18c ./Example/User/main.o
                0x00000000080003e8                Configure_I2C_Master
 .text.Activate_I2C_Master
                0x0000000008000574       0x20 ./Example/User/main.o
                0x0000000008000574                Activate_I2C_Master
 .text.LED_Init
                0x0000000008000594       0x1c ./Example/User/main.o
                0x0000000008000594                LED_Init
 .text.LED_Blinking
                0x00000000080005b0       0x28 ./Example/User/main.o
                0x00000000080005b0                LED_Blinking
 .text.UserButton_Init
                0x00000000080005d8       0x88 ./Example/User/main.o
                0x00000000080005d8                UserButton_Init
 .text.SystemClock_Config
                0x0000000008000660       0xc0 ./Example/User/main.o
                0x0000000008000660                SystemClock_Config
 .text.WaitForUserButtonPress
                0x0000000008000720       0x34 ./Example/User/main.o
                0x0000000008000720                WaitForUserButtonPress
 .text.UserButton_Callback
                0x0000000008000754        0xc ./Example/User/main.o
                0x0000000008000754                UserButton_Callback
 .text.Handle_I2C_Master
                0x0000000008000760       0x18 ./Example/User/main.o
                0x0000000008000760                Handle_I2C_Master
 .text.startup.main
                0x0000000008000778       0x2c ./Example/User/main.o
                0x0000000008000778                main
 .text.Error_Callback
                0x00000000080007a4       0x30 ./Example/User/main.o
                0x00000000080007a4                Error_Callback
 .text.Master_Complete_Callback
                0x00000000080007d4       0xd0 ./Example/User/main.o
                0x00000000080007d4                Master_Complete_Callback
 .text.Master_Reception_Callback
                0x00000000080008a4       0x88 ./Example/User/main.o
                0x00000000080008a4                Master_Reception_Callback
 .text.NMI_Handler
                0x000000000800092c        0x2 ./Example/User/stm32f4xx_it.o
                0x000000000800092c                NMI_Handler
 .text.HardFault_Handler
                0x000000000800092e        0x2 ./Example/User/stm32f4xx_it.o
                0x000000000800092e                HardFault_Handler
 .text.MemManage_Handler
                0x0000000008000930        0x2 ./Example/User/stm32f4xx_it.o
                0x0000000008000930                MemManage_Handler
 .text.BusFault_Handler
                0x0000000008000932        0x2 ./Example/User/stm32f4xx_it.o
                0x0000000008000932                BusFault_Handler
 .text.UsageFault_Handler
                0x0000000008000934        0x2 ./Example/User/stm32f4xx_it.o
                0x0000000008000934                UsageFault_Handler
 .text.SVC_Handler
                0x0000000008000936        0x2 ./Example/User/stm32f4xx_it.o
                0x0000000008000936                SVC_Handler
 .text.DebugMon_Handler
                0x0000000008000938        0x2 ./Example/User/stm32f4xx_it.o
                0x0000000008000938                DebugMon_Handler
 .text.PendSV_Handler
                0x000000000800093a        0x2 ./Example/User/stm32f4xx_it.o
                0x000000000800093a                PendSV_Handler
 .text.SysTick_Handler
                0x000000000800093c        0x2 ./Example/User/stm32f4xx_it.o
                0x000000000800093c                SysTick_Handler
 *fill*         0x000000000800093e        0x2 
 .text.EXTI15_10_IRQHandler
                0x0000000008000940       0x18 ./Example/User/stm32f4xx_it.o
                0x0000000008000940                EXTI15_10_IRQHandler
 .text.I2C1_EV_IRQHandler
                0x0000000008000958       0x80 ./Example/User/stm32f4xx_it.o
                0x0000000008000958                I2C1_EV_IRQHandler
 .text.I2C1_ER_IRQHandler
                0x00000000080009d8        0x4 ./Example/User/stm32f4xx_it.o
                0x00000000080009d8                I2C1_ER_IRQHandler
 .text.__libc_init_array
                0x00000000080009dc       0x48 c:/st/stm32cubeide_1.9.0/stm32cubeide/plugins/com.st.stm32cube.ide.mcu.externaltools.gnu-tools-for-stm32.10.3-2021.10.win32_1.0.0.202111181127/tools/bin/../lib/gcc/arm-none-eabi/10.3.1/../../../../arm-none-eabi/lib/thumb/v7e-m+fp/hard\libc_nano.a(lib_a-init.o)
                0x00000000080009dc                __libc_init_array
 *(.glue_7)
 .glue_7        0x0000000008000a24        0x0 linker stubs
 *(.glue_7t)
 .glue_7t       0x0000000008000a24        0x0 linker stubs
 *(.eh_frame)
 .eh_frame      0x0000000008000a24        0x0 c:/st/stm32cubeide_1.9.0/stm32cubeide/plugins/com.st.stm32cube.ide.mcu.externaltools.gnu-tools-for-stm32.10.3-2021.10.win32_1.0.0.202111181127/tools/bin/../lib/gcc/arm-none-eabi/10.3.1/thumb/v7e-m+fp/hard/crtbegin.o
 *(.init)
 .init          0x0000000008000a24        0x4 c:/st/stm32cubeide_1.9.0/stm32cubeide/plugins/com.st.stm32cube.ide.mcu.externaltools.gnu-tools-for-stm32.10.3-2021.10.win32_1.0.0.202111181127/tools/bin/../lib/gcc/arm-none-eabi/10.3.1/thumb/v7e-m+fp/hard/crti.o
                0x0000000008000a24                _init
 .init          0x0000000008000a28        0x8 c:/st/stm32cubeide_1.9.0/stm32cubeide/plugins/com.st.stm32cube.ide.mcu.externaltools.gnu-tools-for-stm32.10.3-2021.10.win32_1.0.0.202111181127/tools/bin/../lib/gcc/arm-none-eabi/10.3.1/thumb/v7e-m+fp/hard/crtn.o
 *(.fini)
 .fini          0x0000000008000a30        0x4 c:/st/stm32cubeide_1.9.0/stm32cubeide/plugins/com.st.stm32cube.ide.mcu.externaltools.gnu-tools-for-stm32.10.3-2021.10.win32_1.0.0.202111181127/tools/bin/../lib/gcc/arm-none-eabi/10.3.1/thumb/v7e-m+fp/hard/crti.o
                0x0000000008000a30                _fini
 .fini          0x0000000008000a34        0x8 c:/st/stm32cubeide_1.9.0/stm32cubeide/plugins/com.st.stm32cube.ide.mcu.externaltools.gnu-tools-for-stm32.10.3-2021.10.win32_1.0.0.202111181127/tools/bin/../lib/gcc/arm-none-eabi/10.3.1/thumb/v7e-m+fp/hard/crtn.o
                0x0000000008000a3c                . = ALIGN (0x4)
                0x0000000008000a3c                _etext = .

.vfp11_veneer   0x0000000008000a3c        0x0
 .vfp11_veneer  0x0000000008000a3c        0x0 linker stubs

.v4_bx          0x0000000008000a3c        0x0
 .v4_bx         0x0000000008000a3c        0x0 linker stubs

.iplt           0x0000000008000a3c        0x0
 .iplt          0x0000000008000a3c        0x0 c:/st/stm32cubeide_1.9.0/stm32cubeide/plugins/com.st.stm32cube.ide.mcu.externaltools.gnu-tools-for-stm32.10.3-2021.10.win32_1.0.0.202111181127/tools/bin/../lib/gcc/arm-none-eabi/10.3.1/thumb/v7e-m+fp/hard/crtbegin.o

.rodata         0x0000000008000a3c       0x18
                0x0000000008000a3c                . = ALIGN (0x4)
 *(.rodata)
 .rodata        0x0000000008000a3c       0x18 ./Drivers/CMSIS/system_stm32f4xx.o
                0x0000000008000a3c                AHBPrescTable
                0x0000000008000a4c                APBPrescTable
 *(.rodata*)
                0x0000000008000a54                . = ALIGN (0x4)

.rel.dyn        0x0000000008000a54        0x0
 .rel.iplt      0x0000000008000a54        0x0 c:/st/stm32cubeide_1.9.0/stm32cubeide/plugins/com.st.stm32cube.ide.mcu.externaltools.gnu-tools-for-stm32.10.3-2021.10.win32_1.0.0.202111181127/tools/bin/../lib/gcc/arm-none-eabi/10.3.1/thumb/v7e-m+fp/hard/crtbegin.o

.ARM.extab
 *(.ARM.extab* .gnu.linkonce.armextab.*)

.ARM            0x0000000008000a54        0x0
                0x0000000008000a54                __exidx_start = .
 *(.ARM.exidx*)
                0x0000000008000a54                __exidx_end = .

.preinit_array  0x0000000008000a54        0x0
                0x0000000008000a54                PROVIDE (__preinit_array_start = .)
 *(.preinit_array*)
                0x0000000008000a54                PROVIDE (__preinit_array_end = .)

.init_array     0x0000000008000a54        0x4
                0x0000000008000a54                PROVIDE (__init_array_start = .)
 *(SORT_BY_NAME(.init_array.*))
 *(.init_array*)
 .init_array    0x0000000008000a54        0x4 c:/st/stm32cubeide_1.9.0/stm32cubeide/plugins/com.st.stm32cube.ide.mcu.externaltools.gnu-tools-for-stm32.10.3-2021.10.win32_1.0.0.202111181127/tools/bin/../lib/gcc/arm-none-eabi/10.3.1/thumb/v7e-m+fp/hard/crtbegin.o
                0x0000000008000a58                PROVIDE (__init_array_end = .)

.fini_array     0x0000000008000a58        0x4
                [!provide]                        PROVIDE (__fini_array_start = .)
 *(SORT_BY_NAME(.fini_array.*))
 *(.fini_array*)
 .fini_array    0x0000000008000a58        0x4 c:/st/stm32cubeide_1.9.0/stm32cubeide/plugins/com.st.stm32cube.ide.mcu.externaltools.gnu-tools-for-stm32.10.3-2021.10.win32_1.0.0.202111181127/tools/bin/../lib/gcc/arm-none-eabi/10.3.1/thumb/v7e-m+fp/hard/crtbegin.o
                [!provide]                        PROVIDE (__fini_array_end = .)
                0x0000000008000a5c                _sidata = LOADADDR (.data)

.data           0x0000000020000000        0x8 load address 0x0000000008000a5c
                0x0000000020000000                . = ALIGN (0x4)
                0x0000000020000000                _sdata = .
 *(.data)
 .data          0x0000000020000000        0x4 ./Drivers/CMSIS/system_stm32f4xx.o
                0x0000000020000000                SystemCoreClock
 .data          0x0000000020000004        0x2 ./Example/User/main.o
                0x0000000020000004                ubNbDataToReceive
                0x0000000020000005                ubNbDataToTransmit
 *(.data*)
                0x0000000020000008                . = ALIGN (0x4)
 *fill*         0x0000000020000006        0x2 
                0x0000000020000008                _edata = .

.igot.plt       0x0000000020000008        0x0 load address 0x0000000008000a64
 .igot.plt      0x0000000020000008        0x0 c:/st/stm32cubeide_1.9.0/stm32cubeide/plugins/com.st.stm32cube.ide.mcu.externaltools.gnu-tools-for-stm32.10.3-2021.10.win32_1.0.0.202111181127/tools/bin/../lib/gcc/arm-none-eabi/10.3.1/thumb/v7e-m+fp/hard/crtbegin.o
                0x0000000020000008                . = ALIGN (0x4)

.bss            0x0000000020000008       0x30 load address 0x0000000008000a64
                0x0000000020000008                _sbss = .
                0x0000000020000008                __bss_start__ = _sbss
 *(.bss)
 .bss           0x0000000020000008       0x1c c:/st/stm32cubeide_1.9.0/stm32cubeide/plugins/com.st.stm32cube.ide.mcu.externaltools.gnu-tools-for-stm32.10.3-2021.10.win32_1.0.0.202111181127/tools/bin/../lib/gcc/arm-none-eabi/10.3.1/thumb/v7e-m+fp/hard/crtbegin.o
 .bss           0x0000000020000024       0x11 ./Example/User/main.o
                0x0000000020000024                ubButtonPress
                0x0000000020000025                ubReceiveIndex
                0x0000000020000026                aReceiveBuffer
 *(.bss*)
 *(COMMON)
                0x0000000020000038                . = ALIGN (0x4)
 *fill*         0x0000000020000035        0x3 
                0x0000000020000038                _ebss = .
                0x0000000020000038                __bss_end__ = _ebss

._user_heap_stack
                0x0000000020000038      0x600 load address 0x0000000008000a64
                0x0000000020000038                . = ALIGN (0x8)
                [!provide]                        PROVIDE (end = .)
                [!provide]                        PROVIDE (_end = .)
                0x0000000020000238                . = (. + _Min_Heap_Size)
 *fill*         0x0000000020000038      0x200 
                0x0000000020000638                . = (. + _Min_Stack_Size)
 *fill*         0x0000000020000238      0x400 
                0x0000000020000638                . = ALIGN (0x8)

/DISCARD/
 libc.a(*)
 libm.a(*)
 libgcc.a(*)

.ARM.attributes
                0x0000000000000000       0x30
 *(.ARM.attributes)
 .ARM.attributes
                0x0000000000000000       0x1e c:/st/stm32cubeide_1.9.0/stm32cubeide/plugins/com.st.stm32cube.ide.mcu.externaltools.gnu-tools-for-stm32.10.3-2021.10.win32_1.0.0.202111181127/tools/bin/../lib/gcc/arm-none-eabi/10.3.1/thumb/v7e-m+fp/hard/crti.o
 .ARM.attributes
                0x000000000000001e       0x34 c:/st/stm32cubeide_1.9.0/stm32cubeide/plugins/com.st.stm32cube.ide.mcu.externaltools.gnu-tools-for-stm32.10.3-2021.10.win32_1.0.0.202111181127/tools/bin/../lib/gcc/arm-none-eabi/10.3.1/thumb/v7e-m+fp/hard/crtbegin.o
 .ARM.attributes
                0x0000000000000052       0x34 ./Drivers/CMSIS/system_stm32f4xx.o
 .ARM.attributes
                0x0000000000000086       0x34 ./Drivers/STM32F4xx_LL_Driver/stm32f4xx_ll_rcc.o
 .ARM.attributes
                0x00000000000000ba       0x34 ./Drivers/STM32F4xx_LL_Driver/stm32f4xx_ll_utils.o
 .ARM.attributes
                0x00000000000000ee       0x21 ./Example/SW4STM32/startup_stm32f411xe.o
 .ARM.attributes
                0x000000000000010f       0x34 ./Example/User/main.o
 .ARM.attributes
                0x0000000000000143       0x34 ./Example/User/stm32f4xx_it.o
 .ARM.attributes
                0x0000000000000177       0x34 c:/st/stm32cubeide_1.9.0/stm32cubeide/plugins/com.st.stm32cube.ide.mcu.externaltools.gnu-tools-for-stm32.10.3-2021.10.win32_1.0.0.202111181127/tools/bin/../lib/gcc/arm-none-eabi/10.3.1/../../../../arm-none-eabi/lib/thumb/v7e-m+fp/hard\libc_nano.a(lib_a-init.o)
 .ARM.attributes
                0x00000000000001ab       0x1e c:/st/stm32cubeide_1.9.0/stm32cubeide/plugins/com.st.stm32cube.ide.mcu.externaltools.gnu-tools-for-stm32.10.3-2021.10.win32_1.0.0.202111181127/tools/bin/../lib/gcc/arm-none-eabi/10.3.1/thumb/v7e-m+fp/hard/crtn.o
OUTPUT(STM32F411-Nucleo.elf elf32-littlearm)
LOAD linker stubs
LOAD c:/st/stm32cubeide_1.9.0/stm32cubeide/plugins/com.st.stm32cube.ide.mcu.externaltools.gnu-tools-for-stm32.10.3-2021.10.win32_1.0.0.202111181127/tools/bin/../lib/gcc/arm-none-eabi/10.3.1/../../../../arm-none-eabi/lib/thumb/v7e-m+fp/hard\libc.a
LOAD c:/st/stm32cubeide_1.9.0/stm32cubeide/plugins/com.st.stm32cube.ide.mcu.externaltools.gnu-tools-for-stm32.10.3-2021.10.win32_1.0.0.202111181127/tools/bin/../lib/gcc/arm-none-eabi/10.3.1/../../../../arm-none-eabi/lib/thumb/v7e-m+fp/hard\libm.a
LOAD c:/st/stm32cubeide_1.9.0/stm32cubeide/plugins/com.st.stm32cube.ide.mcu.externaltools.gnu-tools-for-stm32.10.3-2021.10.win32_1.0.0.202111181127/tools/bin/../lib/gcc/arm-none-eabi/10.3.1/thumb/v7e-m+fp/hard\libgcc.a

.debug_info     0x0000000000000000     0x464c
 .debug_info    0x0000000000000000      0x561 ./Drivers/CMSIS/system_stm32f4xx.o
 .debug_info    0x0000000000000561      0x9da ./Drivers/STM32F4xx_LL_Driver/stm32f4xx_ll_rcc.o
 .debug_info    0x0000000000000f3b      0xd46 ./Drivers/STM32F4xx_LL_Driver/stm32f4xx_ll_utils.o
 .debug_info    0x0000000000001c81       0x22 ./Example/SW4STM32/startup_stm32f411xe.o
 .debug_info    0x0000000000001ca3     0x2321 ./Example/User/main.o
 .debug_info    0x0000000000003fc4      0x688 ./Example/User/stm32f4xx_it.o

.debug_abbrev   0x0000000000000000      0xde5
 .debug_abbrev  0x0000000000000000      0x11c ./Drivers/CMSIS/system_stm32f4xx.o
 .debug_abbrev  0x000000000000011c      0x2fb ./Drivers/STM32F4xx_LL_Driver/stm32f4xx_ll_rcc.o
 .debug_abbrev  0x0000000000000417      0x343 ./Drivers/STM32F4xx_LL_Driver/stm32f4xx_ll_utils.o
 .debug_abbrev  0x000000000000075a       0x12 ./Example/SW4STM32/startup_stm32f411xe.o
 .debug_abbrev  0x000000000000076c      0x452 ./Example/User/main.o
 .debug_abbrev  0x0000000000000bbe      0x227 ./Example/User/stm32f4xx_it.o

.debug_loc      0x0000000000000000     0x1a90
 .debug_loc     0x0000000000000000      0x118 ./Drivers/CMSIS/system_stm32f4xx.o
 .debug_loc     0x0000000000000118      0x380 ./Drivers/STM32F4xx_LL_Driver/stm32f4xx_ll_rcc.o
 .debug_loc     0x0000000000000498      0x7b3 ./Drivers/STM32F4xx_LL_Driver/stm32f4xx_ll_utils.o
 .debug_loc     0x0000000000000c4b      0xcb4 ./Example/User/main.o
 .debug_loc     0x00000000000018ff      0x191 ./Example/User/stm32f4xx_it.o

.debug_aranges  0x0000000000000000      0x220
 .debug_aranges
                0x0000000000000000       0x28 ./Drivers/CMSIS/system_stm32f4xx.o
 .debug_aranges
                0x0000000000000028       0x78 ./Drivers/STM32F4xx_LL_Driver/stm32f4xx_ll_rcc.o
 .debug_aranges
                0x00000000000000a0       0x58 ./Drivers/STM32F4xx_LL_Driver/stm32f4xx_ll_utils.o
 .debug_aranges
                0x00000000000000f8       0x28 ./Example/SW4STM32/startup_stm32f411xe.o
 .debug_aranges
                0x0000000000000120       0xa8 ./Example/User/main.o
 .debug_aranges
                0x00000000000001c8       0x58 ./Example/User/stm32f4xx_it.o

.debug_ranges   0x0000000000000000      0x680
 .debug_ranges  0x0000000000000000       0x18 ./Drivers/CMSIS/system_stm32f4xx.o
 .debug_ranges  0x0000000000000018      0x1d8 ./Drivers/STM32F4xx_LL_Driver/stm32f4xx_ll_rcc.o
 .debug_ranges  0x00000000000001f0      0x178 ./Drivers/STM32F4xx_LL_Driver/stm32f4xx_ll_utils.o
 .debug_ranges  0x0000000000000368       0x20 ./Example/SW4STM32/startup_stm32f411xe.o
 .debug_ranges  0x0000000000000388      0x2b0 ./Example/User/main.o
 .debug_ranges  0x0000000000000638       0x48 ./Example/User/stm32f4xx_it.o

.debug_macro    0x0000000000000000     0xf8bd
 .debug_macro   0x0000000000000000       0xda ./Drivers/CMSIS/system_stm32f4xx.o
 .debug_macro   0x00000000000000da      0xa7e ./Drivers/CMSIS/system_stm32f4xx.o
 .debug_macro   0x0000000000000b58       0x2e ./Drivers/CMSIS/system_stm32f4xx.o
 .debug_macro   0x0000000000000b86       0x28 ./Drivers/CMSIS/system_stm32f4xx.o
 .debug_macro   0x0000000000000bae       0x22 ./Drivers/CMSIS/system_stm32f4xx.o
 .debug_macro   0x0000000000000bd0       0x8e ./Drivers/CMSIS/system_stm32f4xx.o
 .debug_macro   0x0000000000000c5e       0x51 ./Drivers/CMSIS/system_stm32f4xx.o
 .debug_macro   0x0000000000000caf      0x103 ./Drivers/CMSIS/system_stm32f4xx.o
 .debug_macro   0x0000000000000db2       0x6a ./Drivers/CMSIS/system_stm32f4xx.o
 .debug_macro   0x0000000000000e1c      0x1df ./Drivers/CMSIS/system_stm32f4xx.o
 .debug_macro   0x0000000000000ffb       0x1c ./Drivers/CMSIS/system_stm32f4xx.o
 .debug_macro   0x0000000000001017       0x22 ./Drivers/CMSIS/system_stm32f4xx.o
 .debug_macro   0x0000000000001039       0xd9 ./Drivers/CMSIS/system_stm32f4xx.o
 .debug_macro   0x0000000000001112     0x102d ./Drivers/CMSIS/system_stm32f4xx.o
 .debug_macro   0x000000000000213f      0x11f ./Drivers/CMSIS/system_stm32f4xx.o
 .debug_macro   0x000000000000225e     0xb953 ./Drivers/CMSIS/system_stm32f4xx.o
 .debug_macro   0x000000000000dbb1       0x6d ./Drivers/CMSIS/system_stm32f4xx.o
 .debug_macro   0x000000000000dc1e       0xf5 ./Drivers/STM32F4xx_LL_Driver/stm32f4xx_ll_rcc.o
 .debug_macro   0x000000000000dd13      0x79a ./Drivers/STM32F4xx_LL_Driver/stm32f4xx_ll_rcc.o
 .debug_macro   0x000000000000e4ad      0x1a8 ./Drivers/STM32F4xx_LL_Driver/stm32f4xx_ll_utils.o
 .debug_macro   0x000000000000e655       0x5b ./Drivers/STM32F4xx_LL_Driver/stm32f4xx_ll_utils.o
 .debug_macro   0x000000000000e6b0      0x7a0 ./Drivers/STM32F4xx_LL_Driver/stm32f4xx_ll_utils.o
 .debug_macro   0x000000000000ee50      0x1ab ./Drivers/STM32F4xx_LL_Driver/stm32f4xx_ll_utils.o
 .debug_macro   0x000000000000effb       0xbc ./Drivers/STM32F4xx_LL_Driver/stm32f4xx_ll_utils.o
 .debug_macro   0x000000000000f0b7      0x13d ./Example/User/main.o
 .debug_macro   0x000000000000f1f4      0x117 ./Example/User/main.o
 .debug_macro   0x000000000000f30b       0x61 ./Example/User/main.o
 .debug_macro   0x000000000000f36c      0x149 ./Example/User/main.o
 .debug_macro   0x000000000000f4b5       0xe8 ./Example/User/main.o
 .debug_macro   0x000000000000f59d      0x17b ./Example/User/main.o
 .debug_macro   0x000000000000f718       0x70 ./Example/User/main.o
 .debug_macro   0x000000000000f788      0x135 ./Example/User/stm32f4xx_it.o

.debug_line     0x0000000000000000     0x357e
 .debug_line    0x0000000000000000      0x588 ./Drivers/CMSIS/system_stm32f4xx.o
 .debug_line    0x0000000000000588      0xa0e ./Drivers/STM32F4xx_LL_Driver/stm32f4xx_ll_rcc.o
 .debug_line    0x0000000000000f96      0xb8f ./Drivers/STM32F4xx_LL_Driver/stm32f4xx_ll_utils.o
 .debug_line    0x0000000000001b25       0xca ./Example/SW4STM32/startup_stm32f411xe.o
 .debug_line    0x0000000000001bef     0x1188 ./Example/User/main.o
 .debug_line    0x0000000000002d77      0x807 ./Example/User/stm32f4xx_it.o

.debug_str      0x0000000000000000    0x5aa19
 .debug_str     0x0000000000000000    0x4fae7 ./Drivers/CMSIS/system_stm32f4xx.o
                                      0x4fc68 (size before relaxing)
 .debug_str     0x000000000004fae7     0x55a9 ./Drivers/STM32F4xx_LL_Driver/stm32f4xx_ll_rcc.o
                                      0x550ec (size before relaxing)
 .debug_str     0x0000000000055090     0x2ad7 ./Drivers/STM32F4xx_LL_Driver/stm32f4xx_ll_utils.o
                                      0x57732 (size before relaxing)
 .debug_str     0x0000000000057b67       0x7b ./Example/SW4STM32/startup_stm32f411xe.o
                                         0xe9 (size before relaxing)
 .debug_str     0x0000000000057be2     0x2c23 ./Example/User/main.o
                                      0x58d13 (size before relaxing)
 .debug_str     0x000000000005a805      0x214 ./Example/User/stm32f4xx_it.o
                                      0x582e3 (size before relaxing)

.comment        0x0000000000000000       0x50
 .comment       0x0000000000000000       0x50 ./Drivers/CMSIS/system_stm32f4xx.o
                                         0x51 (size before relaxing)
 .comment       0x0000000000000050       0x51 ./Drivers/STM32F4xx_LL_Driver/stm32f4xx_ll_rcc.o
 .comment       0x0000000000000050       0x51 ./Drivers/STM32F4xx_LL_Driver/stm32f4xx_ll_utils.o
 .comment       0x0000000000000050       0x51 ./Example/User/main.o
 .comment       0x0000000000000050       0x51 ./Example/User/stm32f4xx_it.o

.debug_frame    0x0000000000000000      0x4c8
 .debug_frame   0x0000000000000000       0x30 ./Drivers/CMSIS/system_stm32f4xx.o
 .debug_frame   0x0000000000000030       0xf0 ./Drivers/STM32F4xx_LL_Driver/stm32f4xx_ll_rcc.o
 .debug_frame   0x0000000000000120       0xe0 ./Drivers/STM32F4xx_LL_Driver/stm32f4xx_ll_utils.o
 .debug_frame   0x0000000000000200      0x1b8 ./Example/User/main.o
 .debug_frame   0x00000000000003b8       0xe4 ./Example/User/stm32f4xx_it.o
 .debug_frame   0x000000000000049c       0x2c c:/st/stm32cubeide_1.9.0/stm32cubeide/plugins/com.st.stm32cube.ide.mcu.externaltools.gnu-tools-for-stm32.10.3-2021.10.win32_1.0.0.202111181127/tools/bin/../lib/gcc/arm-none-eabi/10.3.1/../../../../arm-none-eabi/lib/thumb/v7e-m+fp/hard\libc_nano.a(lib_a-init.o)
